<html>
  <head>
    <meta http-equiv="content-type" content="text/html;
      charset=ISO-8859-15">
  </head>
  <body bgcolor="#FFFFFF" text="#000000">
    <title>Einladung 1. Mai 2013</title>
    <table width="100%" border="0" cellpadding="0" cellspacing="0">
      <tbody>
        <tr>
          <td>
            <p align="center"><font size="6"><strong><img
                    alt="Einladung"
                    src="cid:part1.06060005.08010508@blueshell.com"
                    width="600" border="0" height="60"></strong></font><br>
            </p>
            <p align="center"> </p>
          </td>
        </tr>
      </tbody>
    </table>
    <table dir="ltr" width="100%" border="0" cellpadding="0"
      cellspacing="0">
      <tbody>
        <tr>
          <td valign="top"><br>
          </td>
        </tr>
        <tr>
          <td>
            <p><img alt=""
                src="cid:part2.06020808.01060507@blueshell.com"
                align="right" width="127" height="134" hspace="0"><span
                style="font-size:18.0pt;font-family:'Comic Sans MS'">Dem
                Frost entschlüpft, vom Eise frei -<br>
                jetzt feiern wir am 1. Mai!</span></p>
            <p><br clear="all">
            </p>
            <p align="right"><img alt=""
                src="cid:part3.09010009.06070605@blueshell.com"
                align="left" width="126" height="101"><span
                style="font-size:12.0pt;font-family:'Comic Sans MS'">Zum
                traditionellen Angrillen laden<br>
                Donald, Daisy, Tick, Trick und Track<br>
                am 1. Mai 2013 ab 13.30 Uhr<br>
                in den Garten</span></p>
            <div>
              <p><img alt="" moz-do-not-send="false"
                  src="cid:part4.01050909.08020404@blueshell.com"
                  align="left" width="126" height="117" hspace="30"></p>
              <font size="2" face="Arial">
                <p style="MARGIN-RIGHT: 20%"><font size="2" face="Arial"><font
                      size="2" face="Arial"></font></font>Für folgende
                  Maizutaten ist in ausreichender Menge gesorgt: Bier,
                  Sekt, Wasser, Limonade, Saft, Fleisch und Wurst vom
                  Schwein, Fladenbrot, Schafskäse, Oliven, Peperoni.
                  Weitere Schmackazien können nach Absprache mit Daisy
                  mitgebracht werden.</p>
              </font></div>
            <p style="MARGIN-RIGHT: 20%"><br clear="all">
            </p>
          </td>
        </tr>
      </tbody>
    </table>
    <p> </p>
    <link rel="stylesheet" type="text/css"
      href="_themes/maifest/maif1011.css">
  </body>
</html>
