*Einladung*


Dem Frost entschlüpft, vom Eise frei -
jetzt feiern wir am 1. Mai!


Zum traditionellen Angrillen laden
Donald, Daisy, Tick, Trick und Track
am 1. Mai 2013 ab 13.30 Uhr
in den Garten

Für folgende Maizutaten 
ist in ausreichender Menge gesorgt: Bier, Sekt, Wasser, Limonade, Saft, 
Fleisch und Wurst vom Schwein, Fladenbrot, Schafskäse, Oliven, Peperoni. 
Weitere Schmackazien können nach Absprache mit Daisy mitgebracht werden.


U.A.w.g.

